     1                                  ; 程序段
     2                                  section .text
     3                                  global _start
     4                                  _start:
     5 00000000 90                      	nop
     6                                  
     7 00000001 BB[00000000]                mov ebx, Snippet
     8 00000006 B80D000000                  mov eax, 13
     9                                  
    10                                  DoMore:
    11 0000000B 67800320                    add byte [ebx], 32
    12 0000000F FFC3                        inc ebx
    13 00000011 FFC8                        dec eax
    14 00000013 75F6                        jnz DoMore
    15                                  
    16 00000015 E805000000                  call printHelloWorld
    17 0000001A E81F000000                  call exit
    18                                  
    19                                  printHelloWorld:
    20                                      ; 保护现场
    21 0000001F 50                          push rax        
    22 00000020 53                          push rbx
    23 00000021 51                          push rcx
    24 00000022 52                          push rdx
    25                                  
    26 00000023 B804000000              	mov eax, 4      ; sys_write 系统调用
    27 00000028 BB01000000              	mov ebx, 1      ; 输出到 文件描述符 1
    28 0000002D B9[0D000000]            	mov ecx, msg    ; 起时位置
    29 00000032 BA1F000000              	mov edx, len    ; 长度
    30 00000037 CD80                    	int 80h         ; 发送中断，开始系统调用
    31                                  
    32                                      ; 恢复现场
    33 00000039 5A                          pop rdx
    34 0000003A 59                          pop rcx
    35 0000003B 5B                          pop rbx
    36 0000003C 58                          pop rax
    37 0000003D C3                          ret
    38                                  
    39                                  exit:
    40 0000003E B801000000              	mov eax, 1      ; exit 系统调用号
    41 00000043 BB00000000              	mov ebx, 0      ; return 0
    42 00000048 CD80                    	int 80h         ; 发送中断，开始系统调用
    43                                  
    44                                  ; 数据段
    45                                  section .data
    46                                  
    47 00000000 434F44454B49535359-         Snippet db "CODEKISSYOUNG"    
    47 00000009 4F554E47           
    48                                      
    49                                      
    50                                      msg:
    51 0000000D 48656C6C6F20776F72-             db "Hello world", 10 , "nice to meet you !", 10 ; 10 是换行符 \n 的 assic 码
    51 00000016 6C640A6E6963652074-
    51 0000001F 6F206D65657420796F-
    51 00000028 7520210A           
    52                                      len equ $ - msg ; nasm编译时，计算 msg: 到本行的字节长度, 赋值给 len
    53                                  
    54                                  ; 保存为被初始化的数据的 .bss 段
    55                                  section .bss
